Archive member included because of file (symbol)

contiki-sky.a(contiki-sky-pla)
                              obj_sky/contiki-sky-main.o (init_platform)
contiki-sky.a(button-sensor.o)
                              contiki-sky.a(contiki-sky-pla) (button_sensor)
contiki-sky.a(ds2411.o)       obj_sky/contiki-sky-main.o (ds2411_init)
contiki-sky.a(xmem.o)         obj_sky/contiki-sky-main.o (xmem_init)
contiki-sky.a(node-id.o)      obj_sky/contiki-sky-main.o (node_id_restore)
contiki-sky.a(sensors.o)      contiki-sky.a(button-sensor.o) (sensors_changed)
contiki-sky.a(cc2420.o)       obj_sky/contiki-sky-main.o (cc2420_set_pan_addr)
contiki-sky.a(cc2420-arch.o)  contiki-sky.a(cc2420.o) (cc2420_arch_init)
contiki-sky.a(uart1.o)        obj_sky/contiki-sky-main.o (uart1_active)
contiki-sky.a(uart1-putchar.o)
                              obj_sky/contiki-sky-main.o (putchar)
contiki-sky.a(msp430.o)       contiki-sky.a(uart1.o) (msp430_add_lpm_req)
contiki-sky.a(clock.o)        obj_sky/contiki-sky-main.o (clock_init)
contiki-sky.a(leds.o)         obj_sky/contiki-sky-main.o (leds_init)
contiki-sky.a(leds-arch.o)    contiki-sky.a(leds.o) (leds_arch_init)
contiki-sky.a(watchdog.o)     obj_sky/contiki-sky-main.o (watchdog_start)
contiki-sky.a(rtimer-arch.o)  obj_sky/contiki-sky-main.o (rtimer_arch_now)
contiki-sky.a(autostart.o)    obj_sky/contiki-sky-main.o (autostart_start)
contiki-sky.a(ctimer.o)       obj_sky/contiki-sky-main.o (ctimer_init)
contiki-sky.a(energest.o)     obj_sky/contiki-sky-main.o (energest_init)
contiki-sky.a(etimer.o)       contiki-sky.a(clock.o) (etimer_request_poll)
contiki-sky.a(process.o)      contiki-sky.a(ctimer.o) (process_current)
contiki-sky.a(rtimer.o)       obj_sky/contiki-sky-main.o (rtimer_init)
contiki-sky.a(timer.o)        obj_sky/contiki-sky-main.o (timer_set)
contiki-sky.a(serial-line.o)  obj_sky/contiki-sky-main.o (serial_line_input_byte)
contiki-sky.a(list.o)         contiki-sky.a(ctimer.o) (list_init)
contiki-sky.a(random.o)       obj_sky/contiki-sky-main.o (random_init)
contiki-sky.a(ringbuf.o)      contiki-sky.a(serial-line.o) (ringbuf_init)
contiki-sky.a(broadcast.o)    yolo_floodcar_contiki.co (broadcast_open)
contiki-sky.a(channel.o)      contiki-sky.a(broadcast.o) (channel_set_attributes)
contiki-sky.a(rime.o)         obj_sky/contiki-sky-main.o (rime_driver)
contiki-sky.a(csma.o)         obj_sky/contiki-sky-main.o (csma_driver)
contiki-sky.a(mac.o)          contiki-sky.a(csma.o) (mac_call_sent_callback)
contiki-sky.a(linkaddr.o)     obj_sky/contiki-sky-main.o (linkaddr_copy)
contiki-sky.a(packetbuf.o)    contiki-sky.a(rime.o) (packetbuf_compact)
contiki-sky.a(queuebuf.o)     contiki-sky.a(rime.o) (queuebuf_init)
contiki-sky.a(contikimac.o)   obj_sky/contiki-sky-main.o (contikimac_driver)
contiki-sky.a(contikimac-fram)
                              contiki-sky.a(contikimac.o) (contikimac_framer)
contiki-sky.a(nullsec.o)      obj_sky/contiki-sky-main.o (nullsec_driver)
contiki-sky.a(spi.o)          contiki-sky.a(xmem.o) (spi_init)
contiki-sky.a(compower.o)     contiki-sky.a(contikimac.o) (compower_accumulate)
contiki-sky.a(memb.o)         contiki-sky.a(csma.o) (memb_init)
contiki-sky.a(abc.o)          contiki-sky.a(broadcast.o) (abc_open)
contiki-sky.a(announcement.o)
                              contiki-sky.a(rime.o) (announcement_init)
contiki-sky.a(broadcast-annou)
                              contiki-sky.a(rime.o) (broadcast_announcement_init)
contiki-sky.a(chameleon.o)    contiki-sky.a(rime.o) (chameleon_init)
contiki-sky.a(framer-802154.o)
                              contiki-sky.a(contikimac-fram) (framer_802154)
contiki-sky.a(framer.o)       contiki-sky.a(framer-802154.o) (framer_canonical_create_and_secure)
contiki-sky.a(mac-sequence.o)
                              contiki-sky.a(contikimac.o) (mac_sequence_is_duplicate)
contiki-sky.a(chameleon-bitop)
                              contiki-sky.a(chameleon.o) (chameleon_bitopt)
contiki-sky.a(frame802154.o)  contiki-sky.a(framer-802154.o) (frame802154_hdrlen)
/usr/lib/gcc/msp430/4.6.3/mmpy-16/libgcc.a(_mulsi3.o)
                              contiki-sky.a(csma.o) (__mulsi3)
/usr/lib/gcc/msp430/4.6.3/mmpy-16/libgcc.a(_udivmod16.o)
                              yolo_floodcar_contiki.co (__umodhi3)
/usr/lib/gcc/msp430/4.6.3/mmpy-16/libgcc.a(_udivmod32.o)
                              obj_sky/contiki-sky-main.o (__udivsi3)
/usr/lib/gcc/msp430/4.6.3/../../../../msp430/lib/mmpy-16/libc.a(strncmp.o)
                              contiki-sky.a(sensors.o) (strncmp)
/usr/lib/gcc/msp430/4.6.3/../../../../msp430/lib/mmpy-16/libc.a(memcmp.o)
                              contiki-sky.a(linkaddr.o) (memcmp)
/usr/lib/gcc/msp430/4.6.3/../../../../msp430/lib/mmpy-16/libc.a(memcpy.o)
                              yolo_floodcar_contiki.co (memcpy)
/usr/lib/gcc/msp430/4.6.3/../../../../msp430/lib/mmpy-16/libc.a(memset.o)
                              obj_sky/contiki-sky-main.o (memset)
[...]
Memory Configuration

Name             Origin             Length             Attributes
sfr              0x00000000         0x00000010
peripheral_8bit  0x00000010         0x000000f0
peripheral_16bit 0x00000100         0x00000100
ram_mirror       0x00000200         0x00000800         xw
infomem          0x00001000         0x00000100
infob            0x00001000         0x00000080
infoa            0x00001080         0x00000080
ram              0x00001100         0x00002800         xw
rom              0x00004000         0x0000bfe0         xr
vectors          0x0000ffe0         0x00000020
bsl              0x00000000         0x00000000
infoc            0x00000000         0x00000000
infod            0x00000000         0x00000000
ram2             0x00000000         0x00000000         xw
usbram           0x00000000         0x00000000         xw
far_rom          0x00000000         0x00000000
*default*        0x00000000         0xffffffff

Linker script and memory map

LOAD /usr/lib/gcc/msp430/4.6.3/mmpy-16/crt0ivtbl16.o
LOAD yolo_floodcar_contiki.co
LOAD obj_sky/contiki-sky-main.o
LOAD contiki-sky.a
LOAD /usr/lib/gcc/msp430/4.6.3/mmpy-16/libgcc.a
LOAD /usr/lib/gcc/msp430/4.6.3/../../../../msp430/lib/mmpy-16/libc.a
LOAD /usr/lib/gcc/msp430/4.6.3/mmpy-16/libgcc.a
LOAD /usr/lib/gcc/msp430/4.6.3/mmpy-16/libcrt0.a
                0x00000080                PROVIDE (__info_segment_size, 0x80)
                0x00001000                PROVIDE (__infob, 0x1000)
                0x00001080                PROVIDE (__infoa, 0x1080)
                0x00000000                __IE1 = 0x0
                0x00000002                __IFG1 = 0x2
                0x00000004                __ME1 = 0x4
                0x00000001                __IE2 = 0x1
                0x00000003                __IFG2 = 0x3
                0x00000005                __ME2 = 0x5
                0x00000120                __WDTCTL = 0x120
                0x00000130                __MPY = 0x130
                0x00000132                __MPYS = 0x132
                0x00000134                __MAC = 0x134
                0x00000136                __MACS = 0x136
                0x00000138                __OP2 = 0x138
                0x0000013a                __RESLO = 0x13a
                0x0000013c                __RESHI = 0x13c
                0x0000013e                __SUMEXT = 0x13e
                0x00000020                __P1IN = 0x20
                0x00000021                __P1OUT = 0x21
                0x00000022                __P1DIR = 0x22
                0x00000023                __P1IFG = 0x23
                0x00000024                __P1IES = 0x24
                0x00000025                __P1IE = 0x25
                0x00000026                __P1SEL = 0x26
                0x00000028                __P2IN = 0x28
                0x00000029                __P2OUT = 0x29
                0x0000002a                __P2DIR = 0x2a
                0x0000002b                __P2IFG = 0x2b
                0x0000002c                __P2IES = 0x2c
                0x0000002d                __P2IE = 0x2d
                0x0000002e                __P2SEL = 0x2e
                0x00000018                __P3IN = 0x18
                0x00000019                __P3OUT = 0x19
                0x0000001a                __P3DIR = 0x1a
                0x0000001b                __P3SEL = 0x1b
                0x0000001c                __P4IN = 0x1c
                0x0000001d                __P4OUT = 0x1d
                0x0000001e                __P4DIR = 0x1e
                0x0000001f                __P4SEL = 0x1f
                0x00000030                __P5IN = 0x30
                0x00000031                __P5OUT = 0x31
                0x00000032                __P5DIR = 0x32
                0x00000033                __P5SEL = 0x33
                0x00000034                __P6IN = 0x34
                0x00000035                __P6OUT = 0x35
                0x00000036                __P6DIR = 0x36
                0x00000037                __P6SEL = 0x37
                0x00000070                __U0CTL = 0x70
                0x00000071                __U0TCTL = 0x71
                0x00000072                __U0RCTL = 0x72
                0x00000073                __U0MCTL = 0x73
                0x00000074                __U0BR0 = 0x74
                0x00000075                __U0BR1 = 0x75
                0x00000076                __U0RXBUF = 0x76
                0x00000077                __U0TXBUF = 0x77
                0x00000078                __U1CTL = 0x78
                0x00000079                __U1TCTL = 0x79
                0x0000007a                __U1RCTL = 0x7a
                0x0000007b                __U1MCTL = 0x7b
                0x0000007c                __U1BR0 = 0x7c
                0x0000007d                __U1BR1 = 0x7d
                0x0000007e                __U1RXBUF = 0x7e
                0x0000007f                __U1TXBUF = 0x7f
                0x00000050                __I2CIE = 0x50
                0x00000051                __I2CIFG = 0x51
                0x00000052                __I2CNDAT = 0x52
                0x00000071                __I2CTCTL = 0x71
                0x00000072                __I2CDCTL = 0x72
                0x00000073                __I2CPSC = 0x73
                0x00000074                __I2CSCLH = 0x74
                0x00000075                __I2CSCLL = 0x75
                0x00000076                __I2CDRB = 0x76
                0x00000076                __I2CDRW = 0x76
                0x00000118                __I2COA = 0x118
                0x0000011a                __I2CSA = 0x11a
                0x0000011c                __I2CIV = 0x11c
                0x0000012e                __TAIV = 0x12e
                0x00000160                __TACTL = 0x160
                0x00000162                __TACCTL0 = 0x162
                0x00000164                __TACCTL1 = 0x164
                0x00000166                __TACCTL2 = 0x166
                0x00000170                __TAR = 0x170
                0x00000172                __TACCR0 = 0x172
                0x00000174                __TACCR1 = 0x174
                0x00000176                __TACCR2 = 0x176
                0x0000011e                __TBIV = 0x11e
                0x00000180                __TBCTL = 0x180
                0x00000182                __TBCCTL0 = 0x182
                0x00000184                __TBCCTL1 = 0x184
                0x00000186                __TBCCTL2 = 0x186
                0x00000188                __TBCCTL3 = 0x188
                0x0000018a                __TBCCTL4 = 0x18a
                0x0000018c                __TBCCTL5 = 0x18c
                0x0000018e                __TBCCTL6 = 0x18e
                0x00000190                __TBR = 0x190
                0x00000192                __TBCCR0 = 0x192
                0x00000194                __TBCCR1 = 0x194
                0x00000196                __TBCCR2 = 0x196
                0x00000198                __TBCCR3 = 0x198
                0x0000019a                __TBCCR4 = 0x19a
                0x0000019c                __TBCCR5 = 0x19c
                0x0000019e                __TBCCR6 = 0x19e
                0x00000056                __DCOCTL = 0x56
                0x00000057                __BCSCTL1 = 0x57
                0x00000058                __BCSCTL2 = 0x58
                0x00000055                __SVSCTL = 0x55
                0x00000128                __FCTL1 = 0x128
                0x0000012a                __FCTL2 = 0x12a
                0x0000012c                __FCTL3 = 0x12c
                0x00000059                __CACTL1 = 0x59
                0x0000005a                __CACTL2 = 0x5a
                0x0000005b                __CAPD = 0x5b
                0x000001a0                __ADC12CTL0 = 0x1a0
                0x000001a2                __ADC12CTL1 = 0x1a2
                0x000001a4                __ADC12IFG = 0x1a4
                0x000001a6                __ADC12IE = 0x1a6
                0x000001a8                __ADC12IV = 0x1a8
                0x00000140                __ADC12MEM0 = 0x140
                0x00000142                __ADC12MEM1 = 0x142
                0x00000144                __ADC12MEM2 = 0x144
                0x00000146                __ADC12MEM3 = 0x146
                0x00000148                __ADC12MEM4 = 0x148
                0x0000014a                __ADC12MEM5 = 0x14a
                0x0000014c                __ADC12MEM6 = 0x14c
                0x0000014e                __ADC12MEM7 = 0x14e
                0x00000150                __ADC12MEM8 = 0x150
                0x00000152                __ADC12MEM9 = 0x152
                0x00000154                __ADC12MEM10 = 0x154
                0x00000156                __ADC12MEM11 = 0x156
                0x00000158                __ADC12MEM12 = 0x158
                0x0000015a                __ADC12MEM13 = 0x15a
                0x0000015c                __ADC12MEM14 = 0x15c
                0x0000015e                __ADC12MEM15 = 0x15e
                0x00000080                __ADC12MCTL0 = 0x80
                0x00000081                __ADC12MCTL1 = 0x81
                0x00000082                __ADC12MCTL2 = 0x82
                0x00000083                __ADC12MCTL3 = 0x83
                0x00000084                __ADC12MCTL4 = 0x84
                0x00000085                __ADC12MCTL5 = 0x85
                0x00000086                __ADC12MCTL6 = 0x86
                0x00000087                __ADC12MCTL7 = 0x87
                0x00000088                __ADC12MCTL8 = 0x88
                0x00000089                __ADC12MCTL9 = 0x89
                0x0000008a                __ADC12MCTL10 = 0x8a
                0x0000008b                __ADC12MCTL11 = 0x8b
                0x0000008c                __ADC12MCTL12 = 0x8c
                0x0000008d                __ADC12MCTL13 = 0x8d
                0x0000008e                __ADC12MCTL14 = 0x8e
                0x0000008f                __ADC12MCTL15 = 0x8f
                0x000001c0                __DAC12_0CTL = 0x1c0
                0x000001c2                __DAC12_1CTL = 0x1c2
                0x000001c8                __DAC12_0DAT = 0x1c8
                0x000001ca                __DAC12_1DAT = 0x1ca
                0x00000122                __DMACTL0 = 0x122
                0x00000124                __DMACTL1 = 0x124
                0x000001e0                __DMA0CTL = 0x1e0
                0x000001e8                __DMA1CTL = 0x1e8
                0x000001f0                __DMA2CTL = 0x1f0
                0x000001e2                __DMA0SA = 0x1e2
                0x000001e4                __DMA0DA = 0x1e4
                0x000001e6                __DMA0SZ = 0x1e6
                0x000001ea                __DMA1SA = 0x1ea
                0x000001ec                __DMA1DA = 0x1ec
                0x000001ee                __DMA1SZ = 0x1ee
                0x000001f2                __DMA2SA = 0x1f2
                0x000001f4                __DMA2DA = 0x1f4
                0x000001f6                __DMA2SZ = 0x1f6

.hash
 *(.hash)

.dynsym
 *(.dynsym)

.dynstr
 *(.dynstr)

.gnu.version
 *(.gnu.version)

.gnu.version_d
 *(.gnu.version_d)

.gnu.version_r
 *(.gnu.version_r)

.rel.init
 *(.rel.init)

.rela.init
 *(.rela.init)

.rel.fini
 *(.rel.fini)

.rela.fini
 *(.rela.fini)

.rel.text
 *(.rel.text .rel.text.* .rel.gnu.linkonce.t.*)

.rela.text
 *(.rela.text .rela.text.* .rela.gnu.linkonce.t.*)

.rel.rodata
 *(.rel.rodata .rel.rodata.* .rel.gnu.linkonce.r.*)

.rela.rodata
 *(.rela.rodata .rela.rodata.* .rela.gnu.linkonce.r.*)

.rel.data
 *(.rel.data .rel.data.* .rel.gnu.linkonce.d.*)

.rela.data
 *(.rela.data .rela.data.* .rela.gnu.linkonce.d.*)

.rel.bss
 *(.rel.bss .rel.bss.* .rel.gnu.linkonce.b.*)

.rela.bss
 *(.rela.bss .rela.bss.* .rela.gnu.linkonce.b.*)

.rel.ctors
 *(.rel.ctors)

.rela.ctors
 *(.rela.ctors)

.rel.dtors
 *(.rel.dtors)

.rela.dtors
 *(.rela.dtors)

.rel.got
 *(.rel.got)

.rela.got
 *(.rela.got)

.rel.plt
 *(.rel.plt)

.rela.plt
 *(.rela.plt)

.text           0x00004000     0x50d2
                0x00004000                . = ALIGN (0x2)
 *(.init .init.*)
 *(.init0)
 .init0         0x00004000        0x0 /usr/lib/gcc/msp430/4.6.3/mmpy-16/libcrt0.a(_reset_vector__.o)
                0x00004000                _reset_vector__
 *(.init1)
 .init1         0x00004000        0xc /usr/lib/gcc/msp430/4.6.3/mmpy-16/libcrt0.a(__watchdog_support.o)
                0x00004000                __watchdog_support
 *(.init2)
 .init2         0x0000400c        0x4 /usr/lib/gcc/msp430/4.6.3/mmpy-16/libcrt0.a(__init_stack.o)
                0x0000400c                __init_stack
 *(.init3)
 .init3         0x00004010        0x0 /usr/lib/gcc/msp430/4.6.3/mmpy-16/libcrt0.a(__low_level_init.o)
                0x00004010                __low_level_init
 *(.init4)
 .init4         0x00004010       0x18 /usr/lib/gcc/msp430/4.6.3/mmpy-16/libcrt0.a(_copy_data.o)
                0x00004010                __do_copy_data
 .init4         0x00004028       0x16 /usr/lib/gcc/msp430/4.6.3/mmpy-16/libcrt0.a(_clear_bss.o)
                0x00004028                __do_clear_bss
 *(.init5)
 *(.init6)
 *(.init7)
 *(.init8)
 *(.init9)
 .init9         0x0000403e      0x2d0 obj_sky/contiki-sky-main.o
                0x0000403e                main
 *(.fini9)
 .fini9         0x0000430e        0x0 /usr/lib/gcc/msp430/4.6.3/mmpy-16/libcrt0.a(__stop_progExec__.o)
                0x0000430e                __stop_progExec__
 *(.fini8)
 *(.fini7)
 *(.fini6)
 *(.fini5)
 *(.fini4)
 *(.fini3)
 *(.fini2)
 *(.fini1)
 *(.fini0)
 .fini0         0x0000430e        0x6 /usr/lib/gcc/msp430/4.6.3/mmpy-16/libcrt0.a(_endless_loop__.o)
                0x0000430e                _endless_loop__
 *(.fini .fini.*)
                0x00004314                . = ALIGN (0x2)
                0x00004314                __ctors_start = .
 *(.ctors)
                0x00004314                __ctors_end = .
                0x00004314                __dtors_start = .
 *(.dtors)
                0x00004314                __dtors_end = .
                0x00004314                . = ALIGN (0x2)
 *(.text .text.* .gnu.linkonce.t.*)
 .text          0x00004314        0x4 /usr/lib/gcc/msp430/4.6.3/mmpy-16/crt0ivtbl16.o
                0x00004314                __isr_14
                0x00004314                __isr_11
                0x00004314                __isr_2
                0x00004314                __isr_7
                0x00004314                __isr_0
                0x00004314                __isr_8
                0x00004314                __isr_3
                0x00004314                __isr_12
                0x00004314                __isr_13
                0x00004314                __isr_9
 .text.process_thread_yolo_floodcar_process
                0x00004318      0x21c yolo_floodcar_contiki.co
 .text.recv_broadcast
                0x00004534      0x108 yolo_floodcar_contiki.co
 .text.start_network_layer
                0x0000463c       0x3c obj_sky/contiki-sky-main.o
 .text.init_platform
                0x00004678        0xc contiki-sky.a(contiki-sky-pla)
                0x00004678                init_platform
 .text.status   0x00004684       0x16 contiki-sky.a(button-sensor.o)
 .text.configure
                0x0000469a       0x52 contiki-sky.a(button-sensor.o)
 .text.value    0x000046ec       0x22 contiki-sky.a(button-sensor.o)
 .text.irq_p2   0x0000470e       0x8a contiki-sky.a(button-sensor.o)
                0x0000470e                irq_p2
                0x0000470e                __isr_1
 .text.owreadb  0x00004798       0x52 contiki-sky.a(ds2411.o)
 .text.ds2411_init
                0x000047ea      0x122 contiki-sky.a(ds2411.o)
                0x000047ea                ds2411_init
 .text.wait_ready
                0x0000490c       0x50 contiki-sky.a(xmem.o)
 .text.xmem_init
                0x0000495c       0x3e contiki-sky.a(xmem.o)
                0x0000495c                xmem_init
 .text.xmem_pread
                0x0000499a       0xea contiki-sky.a(xmem.o)
                0x0000499a                xmem_pread
 .text.node_id_restore
                0x00004a84       0x38 contiki-sky.a(node-id.o)
                0x00004a84                node_id_restore
 .text.process_thread_sensors_process
                0x00004abc       0xbe contiki-sky.a(sensors.o)
 .text.sensors_changed
                0x00004b7a       0x2a contiki-sky.a(sensors.o)
                0x00004b7a                sensors_changed
 .text.get_object
                0x00004ba4        0x4 contiki-sky.a(cc2420.o)
 .text.set_object
                0x00004ba8        0x4 contiki-sky.a(cc2420.o)
 .text.strobe   0x00004bac       0x20 contiki-sky.a(cc2420.o)
 .text.getreg   0x00004bcc       0x54 contiki-sky.a(cc2420.o)
 .text.setreg   0x00004c20       0x52 contiki-sky.a(cc2420.o)
 .text.write_ram
                0x00004c72       0x80 contiki-sky.a(cc2420.o)
 .text.write_fifo_buf
                0x00004cf2       0x40 contiki-sky.a(cc2420.o)
 .text.get_status
                0x00004d32       0x24 contiki-sky.a(cc2420.o)
 .text.set_txpower
                0x00004d56       0x26 contiki-sky.a(cc2420.o)
 .text.cc2420_receiving_packet
                0x00004d7c        0xe contiki-sky.a(cc2420.o)
 .text.pending_packet
                0x00004d8a        0x8 contiki-sky.a(cc2420.o)
 .text.on       0x00004d92       0x1e contiki-sky.a(cc2420.o)
 .text.wait_for_transmission
                0x00004db0       0x22 contiki-sky.a(cc2420.o)
 .text.wait_for_status
                0x00004dd2       0x2a contiki-sky.a(cc2420.o)
 .text.getrxdata
                0x00004dfc       0x56 contiki-sky.a(cc2420.o)
 .text.flushrx  0x00004e52       0x1a contiki-sky.a(cc2420.o)
 .text.off      0x00004e6c       0x5a contiki-sky.a(cc2420.o)
 .text.RELEASE_LOCK
                0x00004ec6       0x28 contiki-sky.a(cc2420.o)
 .text.set_key  0x00004eee       0x18 contiki-sky.a(cc2420.o)
 .text.cc2420_prepare
                0x00004f06       0x3c contiki-sky.a(cc2420.o)
 .text.cc2420_on
                0x00004f42       0x22 contiki-sky.a(cc2420.o)
                0x00004f42                cc2420_on
 .text.cc2420_off
                0x00004f64       0x30 contiki-sky.a(cc2420.o)
                0x00004f64                cc2420_off
 .text.cc2420_cca
                0x00004f94       0x5e contiki-sky.a(cc2420.o)
 .text.cc2420_read
                0x00004ff2       0xb0 contiki-sky.a(cc2420.o)
 .text.process_thread_cc2420_process
                0x000050a2       0x50 contiki-sky.a(cc2420.o)
 .text.encrypt  0x000050f2       0x8e contiki-sky.a(cc2420.o)
 .text.cc2420_set_channel
                0x00005180       0x3c contiki-sky.a(cc2420.o)
                0x00005180                cc2420_set_channel
 .text.cc2420_set_pan_addr
                0x000051bc       0x4c contiki-sky.a(cc2420.o)
                0x000051bc                cc2420_set_pan_addr
 .text.cc2420_interrupt
                0x00005208       0x18 contiki-sky.a(cc2420.o)
                0x00005208                cc2420_interrupt
 .text.cc2420_set_txpower
                0x00005220        0xe contiki-sky.a(cc2420.o)
                0x00005220                cc2420_set_txpower
 .text.cc2420_get_txpower
                0x0000522e       0x1e contiki-sky.a(cc2420.o)
                0x0000522e                cc2420_get_txpower
 .text.cc2420_transmit
                0x0000524c      0x12a contiki-sky.a(cc2420.o)
 .text.cc2420_send
                0x00005376       0x12 contiki-sky.a(cc2420.o)
 .text.cc2420_rssi
                0x00005388       0x4c contiki-sky.a(cc2420.o)
                0x00005388                cc2420_rssi
 .text.get_value
                0x000053d4       0xac contiki-sky.a(cc2420.o)
 .text.cc2420_set_cca_threshold
                0x00005480       0x16 contiki-sky.a(cc2420.o)
                0x00005480                cc2420_set_cca_threshold
 .text.set_value
                0x00005496       0x8a contiki-sky.a(cc2420.o)
 .text.cc2420_init
                0x00005520       0xde contiki-sky.a(cc2420.o)
                0x00005520                cc2420_init
 .text.cc2420_port1_interrupt
                0x000055fe       0x62 contiki-sky.a(cc2420-arch.o)
                0x000055fe                __isr_4
                0x000055fe                cc2420_port1_interrupt
 .text.cc2420_arch_init
                0x00005660       0x1a contiki-sky.a(cc2420-arch.o)
                0x00005660                cc2420_arch_init
 .text.handle_rxdma_timer
                0x0000567a       0x3a contiki-sky.a(uart1.o)
 .text.uart1_active
                0x000056b4       0x1a contiki-sky.a(uart1.o)
                0x000056b4                uart1_active
 .text.uart1_set_input
                0x000056ce       0x20 contiki-sky.a(uart1.o)
                0x000056ce                uart1_set_input
 .text.uart1_writeb
                0x000056ee       0x1a contiki-sky.a(uart1.o)
                0x000056ee                uart1_writeb
 .text.uart1_init
                0x00005708       0xf6 contiki-sky.a(uart1.o)
                0x00005708                uart1_init
 .text.putchar  0x000057fe       0x10 contiki-sky.a(uart1-putchar.o)
                0x000057fe                putchar
 .text.msp430_init_dco
                0x0000580e       0x84 contiki-sky.a(msp430.o)
                0x0000580e                msp430_init_dco
 .text.msp430_add_lpm_req
                0x00005892        0xc contiki-sky.a(msp430.o)
                0x00005892                msp430_add_lpm_req
 .text.msp430_cpu_init
                0x0000589e       0x2a contiki-sky.a(msp430.o)
                0x0000589e                msp430_cpu_init
 .text.splhigh_
                0x000058c8        0x8 contiki-sky.a(msp430.o)
                0x000058c8                splhigh_
 .text.msp430_sync_dco
                0x000058d0       0x68 contiki-sky.a(msp430.o)
                0x000058d0                msp430_sync_dco
 .text.timera1  0x00005938      0x11e contiki-sky.a(clock.o)
                0x00005938                __isr_5
                0x00005938                timera1
 .text.clock_time
                0x00005a56       0x1a contiki-sky.a(clock.o)
                0x00005a56                clock_time
 .text.clock_init
                0x00005a70       0x28 contiki-sky.a(clock.o)
                0x00005a70                clock_init
 .text.clock_delay
                0x00005a98        0xc contiki-sky.a(clock.o)
                0x00005a98                clock_delay
 .text.clock_wait
                0x00005aa4       0x34 contiki-sky.a(clock.o)
                0x00005aa4                clock_wait
 .text.show_leds
                0x00005ad8       0xf6 contiki-sky.a(leds.o)
 .text.leds_init
                0x00005bce        0xa contiki-sky.a(leds.o)
                0x00005bce                leds_init
 .text.leds_on  0x00005bd8        0xa contiki-sky.a(leds.o)
                0x00005bd8                leds_on
 .text.leds_off
                0x00005be2        0xe contiki-sky.a(leds.o)
                0x00005be2                leds_off
 .text.leds_toggle
                0x00005bf0        0xa contiki-sky.a(leds.o)
                0x00005bf0                leds_toggle
 .text.leds_arch_init
                0x00005bfa        0xe contiki-sky.a(leds-arch.o)
                0x00005bfa                leds_arch_init
 .text.leds_arch_set
                0x00005c08       0x3a contiki-sky.a(leds-arch.o)
                0x00005c08                leds_arch_set
 .text.watchdog_interrupt
                0x00005c42        0x6 contiki-sky.a(watchdog.o)
                0x00005c42                __isr_10
                0x00005c42                watchdog_interrupt
 .text.watchdog_start
                0x00005c48       0x14 contiki-sky.a(watchdog.o)
                0x00005c48                watchdog_start
 .text.watchdog_periodic
                0x00005c5c       0x12 contiki-sky.a(watchdog.o)
                0x00005c5c                watchdog_periodic
 .text.watchdog_stop
                0x00005c6e       0x16 contiki-sky.a(watchdog.o)
                0x00005c6e                watchdog_stop
 .text.watchdog_init
                0x00005c84       0x14 contiki-sky.a(watchdog.o)
                0x00005c84                watchdog_init
 .text.rtimer_arch_init
                0x00005c98        0xe contiki-sky.a(rtimer-arch.o)
                0x00005c98                rtimer_arch_init
 .text.rtimer_arch_now
                0x00005ca6        0xe contiki-sky.a(rtimer-arch.o)
                0x00005ca6                rtimer_arch_now
 .text.timera0  0x00005cb4       0x70 contiki-sky.a(rtimer-arch.o)
                0x00005cb4                __isr_6
                0x00005cb4                timera0
 .text.rtimer_arch_schedule
                0x00005d24        0x6 contiki-sky.a(rtimer-arch.o)
                0x00005d24                rtimer_arch_schedule
 .text.autostart_start
                0x00005d2a       0x16 contiki-sky.a(autostart.o)
                0x00005d2a                autostart_start
 .text.process_thread_ctimer_process
                0x00005d40       0xa4 contiki-sky.a(ctimer.o)
 .text.ctimer_init
                0x00005de4       0x18 contiki-sky.a(ctimer.o)
                0x00005de4                ctimer_init
 .text.ctimer_set
                0x00005dfc       0x50 contiki-sky.a(ctimer.o)
                0x00005dfc                ctimer_set
 .text.ctimer_reset
                0x00005e4c       0x30 contiki-sky.a(ctimer.o)
                0x00005e4c                ctimer_reset
 .text.ctimer_stop
                0x00005e7c       0x28 contiki-sky.a(ctimer.o)
                0x00005e7c                ctimer_stop
 .text.energest_init
                0x00005ea4       0x28 contiki-sky.a(energest.o)
                0x00005ea4                energest_init
 .text.energest_type_time
                0x00005ecc       0x46 contiki-sky.a(energest.o)
                0x00005ecc                energest_type_time
 .text.energest_type_set
                0x00005f12        0xe contiki-sky.a(energest.o)
                0x00005f12                energest_type_set
 .text.energest_flush
                0x00005f20       0x48 contiki-sky.a(energest.o)
                0x00005f20                energest_flush
 .text.update_time
                0x00005f68       0x78 contiki-sky.a(etimer.o)
 .text.etimer_request_poll
                0x00005fe0        0xa contiki-sky.a(etimer.o)
                0x00005fe0                etimer_request_poll
 .text.process_thread_etimer_process
                0x00005fea       0xc8 contiki-sky.a(etimer.o)
 .text.add_timer
                0x000060b2       0x40 contiki-sky.a(etimer.o)
 .text.etimer_set
                0x000060f2       0x12 contiki-sky.a(etimer.o)
                0x000060f2                etimer_set
 .text.etimer_reset
                0x00006104       0x12 contiki-sky.a(etimer.o)
                0x00006104                etimer_reset
 .text.etimer_expired
                0x00006116        0xe contiki-sky.a(etimer.o)
                0x00006116                etimer_expired
 .text.etimer_pending
                0x00006124        0xc contiki-sky.a(etimer.o)
                0x00006124                etimer_pending
 .text.etimer_next_expiration_time
                0x00006130       0x16 contiki-sky.a(etimer.o)
                0x00006130                etimer_next_expiration_time
 .text.etimer_stop
                0x00006146       0x3c contiki-sky.a(etimer.o)
                0x00006146                etimer_stop
 .text.call_process
                0x00006182       0x4a contiki-sky.a(process.o)
 .text.exit_process
                0x000061cc       0x96 contiki-sky.a(process.o)
 .text.do_poll  0x00006262       0x30 contiki-sky.a(process.o)
 .text.process_alloc_event
                0x00006292        0xe contiki-sky.a(process.o)
                0x00006292                process_alloc_event
 .text.process_init
                0x000062a0       0x1c contiki-sky.a(process.o)
                0x000062a0                process_init
 .text.process_run
                0x000062bc       0xa2 contiki-sky.a(process.o)
                0x000062bc                process_run
 .text.process_nevents
                0x0000635e        0xe contiki-sky.a(process.o)
                0x0000635e                process_nevents
 .text.process_post
                0x0000636c       0x54 contiki-sky.a(process.o)
                0x0000636c                process_post
 .text.process_post_synch
                0x000063c0       0x12 contiki-sky.a(process.o)
                0x000063c0                process_post_synch
 .text.process_start
                0x000063d2       0x32 contiki-sky.a(process.o)
                0x000063d2                process_start
 .text.process_poll
                0x00006404       0x18 contiki-sky.a(process.o)
                0x00006404                process_poll
 .text.rtimer_init
                0x0000641c        0x6 contiki-sky.a(rtimer.o)
                0x0000641c                rtimer_init
 .text.rtimer_set
                0x00006422       0x24 contiki-sky.a(rtimer.o)
                0x00006422                rtimer_set
 .text.rtimer_run_next
                0x00006446       0x26 contiki-sky.a(rtimer.o)
                0x00006446                rtimer_run_next
 .text.timer_set
                0x0000646c       0x1c contiki-sky.a(timer.o)
                0x0000646c                timer_set
 .text.timer_reset
                0x00006488        0xe contiki-sky.a(timer.o)
                0x00006488                timer_reset
 .text.timer_expired
                0x00006496       0x2a contiki-sky.a(timer.o)
                0x00006496                timer_expired
 .text.process_thread_serial_line_process
                0x000064c0       0x9c contiki-sky.a(serial-line.o)
 .text.serial_line_input_byte
                0x0000655c       0x4a contiki-sky.a(serial-line.o)
                0x0000655c                serial_line_input_byte
 .text.serial_line_init
                0x000065a6       0x1c contiki-sky.a(serial-line.o)
                0x000065a6                serial_line_init
 .text.list_init
                0x000065c2        0x6 contiki-sky.a(list.o)
                0x000065c2                list_init
 .text.list_head
                0x000065c8        0x4 contiki-sky.a(list.o)
                0x000065c8                list_head
 .text.list_tail
                0x000065cc       0x12 contiki-sky.a(list.o)
                0x000065cc                list_tail
 .text.list_remove
                0x000065de       0x34 contiki-sky.a(list.o)
                0x000065de                list_remove
 .text.list_push
                0x00006612       0x1a contiki-sky.a(list.o)
                0x00006612                list_push
 .text.list_add
                0x0000662c       0x2a contiki-sky.a(list.o)
                0x0000662c                list_add
 .text.list_length
                0x00006656       0x10 contiki-sky.a(list.o)
                0x00006656                list_length
 .text.list_item_next
                0x00006666        0xc contiki-sky.a(list.o)
                0x00006666                list_item_next
 .text.random_init
                0x00006672        0x6 contiki-sky.a(random.o)
                0x00006672                random_init
 .text.random_rand
                0x00006678        0x6 contiki-sky.a(random.o)
                0x00006678                random_rand
 .text.ringbuf_init
                0x0000667e       0x14 contiki-sky.a(ringbuf.o)
                0x0000667e                ringbuf_init
 .text.ringbuf_put
                0x00006692       0x38 contiki-sky.a(ringbuf.o)
                0x00006692                ringbuf_put
 .text.ringbuf_get
                0x000066ca       0x32 contiki-sky.a(ringbuf.o)
                0x000066ca                ringbuf_get
 .text.sent_by_abc
                0x000066fc       0x10 contiki-sky.a(broadcast.o)
 .text.recv_from_abc
                0x0000670c       0x26 contiki-sky.a(broadcast.o)
 .text.broadcast_open
                0x00006732       0x2a contiki-sky.a(broadcast.o)
                0x00006732                broadcast_open
 .text.broadcast_close
                0x0000675c        0x6 contiki-sky.a(broadcast.o)
                0x0000675c                broadcast_close
 .text.broadcast_send
                0x00006762       0x1a contiki-sky.a(broadcast.o)
                0x00006762                broadcast_send
 .text.channel_init
                0x0000677c        0xa contiki-sky.a(channel.o)
                0x0000677c                channel_init
 .text.channel_open
                0x00006786       0x10 contiki-sky.a(channel.o)
                0x00006786                channel_open
 .text.channel_close
                0x00006796        0xc contiki-sky.a(channel.o)
                0x00006796                channel_close
 .text.channel_lookup
                0x000067a2       0x20 contiki-sky.a(channel.o)
                0x000067a2                channel_lookup
 .text.channel_set_attributes
                0x000067c2       0x24 contiki-sky.a(channel.o)
                0x000067c2                channel_set_attributes
 .text.input    0x000067e6       0x3a contiki-sky.a(rime.o)
 .text.init     0x00006820       0x2e contiki-sky.a(rime.o)
 .text.packet_sent
                0x0000684e       0x44 contiki-sky.a(rime.o)
 .text.rime_output
                0x00006892       0x24 contiki-sky.a(rime.o)
                0x00006892                rime_output
 .text.input_packet
                0x000068b6        0x6 contiki-sky.a(csma.o)
 .text.on       0x000068bc        0x6 contiki-sky.a(csma.o)
 .text.off      0x000068c2        0x6 contiki-sky.a(csma.o)
 .text.channel_check_interval
                0x000068c8       0x10 contiki-sky.a(csma.o)
 .text.transmit_packet_list
                0x000068d8       0x24 contiki-sky.a(csma.o)
 .text.send_packet
                0x000068fc      0x184 contiki-sky.a(csma.o)
 .text.init     0x00006a80       0x1a contiki-sky.a(csma.o)
 .text.free_packet
                0x00006a9a       0x98 contiki-sky.a(csma.o)
 .text.packet_sent
                0x00006b32      0x12e contiki-sky.a(csma.o)
 .text.mac_call_sent_callback
                0x00006c60       0x14 contiki-sky.a(mac.o)
                0x00006c60                mac_call_sent_callback
 .text.linkaddr_copy
                0x00006c74        0xc contiki-sky.a(linkaddr.o)
                0x00006c74                linkaddr_copy
 .text.linkaddr_cmp
                0x00006c80       0x12 contiki-sky.a(linkaddr.o)
                0x00006c80                linkaddr_cmp
 .text.linkaddr_set_node_addr
                0x00006c92        0xc contiki-sky.a(linkaddr.o)
                0x00006c92                linkaddr_set_node_addr
 .text.packetbuf_compact
                0x00006c9e       0x2e contiki-sky.a(packetbuf.o)
                0x00006c9e                packetbuf_compact
 .text.packetbuf_copyto
                0x00006ccc       0x52 contiki-sky.a(packetbuf.o)
                0x00006ccc                packetbuf_copyto
 .text.packetbuf_hdrreduce
                0x00006d1e       0x1a contiki-sky.a(packetbuf.o)
                0x00006d1e                packetbuf_hdrreduce
 .text.packetbuf_set_datalen
                0x00006d38        0x6 contiki-sky.a(packetbuf.o)
                0x00006d38                packetbuf_set_datalen
 .text.packetbuf_dataptr
                0x00006d3e        0xe contiki-sky.a(packetbuf.o)
                0x00006d3e                packetbuf_dataptr
 .text.packetbuf_hdrptr
                0x00006d4c        0xa contiki-sky.a(packetbuf.o)
                0x00006d4c                packetbuf_hdrptr
 .text.packetbuf_datalen
                0x00006d56        0x6 contiki-sky.a(packetbuf.o)
                0x00006d56                packetbuf_datalen
 .text.packetbuf_hdrlen
                0x00006d5c       0x10 contiki-sky.a(packetbuf.o)
                0x00006d5c                packetbuf_hdrlen
 .text.packetbuf_totlen
                0x00006d6c        0xc contiki-sky.a(packetbuf.o)
                0x00006d6c                packetbuf_totlen
 .text.packetbuf_hdralloc
                0x00006d78       0x2e contiki-sky.a(packetbuf.o)
                0x00006d78                packetbuf_hdralloc
 .text.packetbuf_attr_clear
                0x00006da6       0x2c contiki-sky.a(packetbuf.o)
                0x00006da6                packetbuf_attr_clear
 .text.packetbuf_clear
                0x00006dd2       0x1a contiki-sky.a(packetbuf.o)
                0x00006dd2                packetbuf_clear
 .text.packetbuf_copyfrom
                0x00006dec       0x2e contiki-sky.a(packetbuf.o)
                0x00006dec                packetbuf_copyfrom
 .text.packetbuf_attr_copyto
                0x00006e1a       0x20 contiki-sky.a(packetbuf.o)
                0x00006e1a                packetbuf_attr_copyto
 .text.packetbuf_attr_copyfrom
                0x00006e3a       0x22 contiki-sky.a(packetbuf.o)
                0x00006e3a                packetbuf_attr_copyfrom
 .text.packetbuf_holds_broadcast
                0x00006e5c        0xe contiki-sky.a(packetbuf.o)
                0x00006e5c                packetbuf_holds_broadcast
 .text.queuebuf_init
                0x00006e6a       0x12 contiki-sky.a(queuebuf.o)
                0x00006e6a                queuebuf_init
 .text.queuebuf_new_from_packetbuf
                0x00006e7c       0x52 contiki-sky.a(queuebuf.o)
                0x00006e7c                queuebuf_new_from_packetbuf
 .text.queuebuf_update_attr_from_packetbuf
                0x00006ece       0x12 contiki-sky.a(queuebuf.o)
                0x00006ece                queuebuf_update_attr_from_packetbuf
 .text.queuebuf_update_from_packetbuf
                0x00006ee0       0x22 contiki-sky.a(queuebuf.o)
                0x00006ee0                queuebuf_update_from_packetbuf
 .text.queuebuf_free
                0x00006f02       0x2a contiki-sky.a(queuebuf.o)
                0x00006f02                queuebuf_free
 .text.queuebuf_to_packetbuf
                0x00006f2c       0x32 contiki-sky.a(queuebuf.o)
                0x00006f2c                queuebuf_to_packetbuf
 .text.queuebuf_attr
                0x00006f5e        0xe contiki-sky.a(queuebuf.o)
                0x00006f5e                queuebuf_attr
 .text.duty_cycle
                0x00006f6c        0x6 contiki-sky.a(contikimac.o)
 .text.init     0x00006f72       0x2a contiki-sky.a(contikimac.o)
 .text.on       0x00006f9c       0x1a contiki-sky.a(contikimac.o)
 .text.off      0x00006fb6       0x22 contiki-sky.a(contikimac.o)
 .text.recv_burst_off
                0x00006fd8        0xa contiki-sky.a(contikimac.o)
 .text.turn_off
                0x00006fe2       0x20 contiki-sky.a(contikimac.o)
 .text.turn_on  0x00007002       0x30 contiki-sky.a(contikimac.o)
 .text.schedule_powercycle_fixed.part.4
                0x00007032       0x36 contiki-sky.a(contikimac.o)
 .text.powercycle_turn_radio_off
                0x00007068       0x30 contiki-sky.a(contikimac.o)
 .text.powercycle
                0x00007098      0x1d2 contiki-sky.a(contikimac.o)
 .text.input_packet
                0x0000726a       0xb2 contiki-sky.a(contikimac.o)
 .text.send_packet.isra.7
                0x0000731c      0x1ec contiki-sky.a(contikimac.o)
 .text.qsend_list
                0x00007508       0xc4 contiki-sky.a(contikimac.o)
 .text.qsend_packet
                0x000075cc       0x28 contiki-sky.a(contikimac.o)
 .text.hdr_length
                0x000075f4        0x8 contiki-sky.a(contikimac-fram)
 .text.parse    0x000075fc       0x3e contiki-sky.a(contikimac-fram)
 .text.create   0x0000763a       0x2a contiki-sky.a(contikimac-fram)
 .text.create_and_secure
                0x00007664       0x6a contiki-sky.a(contikimac-fram)
 .text.bootstrap
                0x000076ce        0x4 contiki-sky.a(nullsec.o)
 .text.send     0x000076d2        0xa contiki-sky.a(nullsec.o)
 .text.on_frame_created
                0x000076dc        0x4 contiki-sky.a(nullsec.o)
 .text.input    0x000076e0        0x6 contiki-sky.a(nullsec.o)
 .text.get_overhead
                0x000076e6        0x4 contiki-sky.a(nullsec.o)
 .text.spi_init
                0x000076ea       0x32 contiki-sky.a(spi.o)
                0x000076ea                spi_init
 .text.compower_accumulate
                0x0000771c       0x72 contiki-sky.a(compower.o)
                0x0000771c                compower_accumulate
 .text.compower_clear
                0x0000778e       0x12 contiki-sky.a(compower.o)
                0x0000778e                compower_clear
 .text.compower_attrconv
                0x000077a0       0x10 contiki-sky.a(compower.o)
                0x000077a0                compower_attrconv
 .text.memb_init
                0x000077b0       0x36 contiki-sky.a(memb.o)
                0x000077b0                memb_init
 .text.memb_alloc
                0x000077e6       0x3e contiki-sky.a(memb.o)
                0x000077e6                memb_alloc
 .text.memb_free
                0x00007824       0x3a contiki-sky.a(memb.o)
                0x00007824                memb_free
 .text.memb_inmemb
                0x0000785e       0x2e contiki-sky.a(memb.o)
                0x0000785e                memb_inmemb
 .text.abc_open
                0x0000788c       0x26 contiki-sky.a(abc.o)
                0x0000788c                abc_open
 .text.abc_close
                0x000078b2        0x6 contiki-sky.a(abc.o)
                0x000078b2                abc_close
 .text.abc_send
                0x000078b8        0x6 contiki-sky.a(abc.o)
                0x000078b8                abc_send
 .text.abc_input
                0x000078be        0xe contiki-sky.a(abc.o)
                0x000078be                abc_input
 .text.abc_sent
                0x000078cc       0x10 contiki-sky.a(abc.o)
                0x000078cc                abc_sent
 .text.announcement_init
                0x000078dc        0xa contiki-sky.a(announcement.o)
                0x000078dc                announcement_init
 .text.announcement_register_observer_callback
                0x000078e6        0x6 contiki-sky.a(announcement.o)
                0x000078e6                announcement_register_observer_callback
 .text.announcement_list
                0x000078ec        0xa contiki-sky.a(announcement.o)
                0x000078ec                announcement_list
 .text.announcement_heard
                0x000078f6       0x42 contiki-sky.a(announcement.o)
                0x000078f6                announcement_heard
 .text.adv_packet_sent
                0x00007938        0x2 contiki-sky.a(broadcast-annou)
 .text.adv_packet_received
                0x0000793a       0x66 contiki-sky.a(broadcast-annou)
 .text.set_timers
                0x000079a0       0x4a contiki-sky.a(broadcast-annou)
 .text.send_timer
                0x000079ea       0x36 contiki-sky.a(broadcast-annou)
 .text.new_announcement
                0x00007a20       0x18 contiki-sky.a(broadcast-annou)
 .text.send_adv
                0x00007a38       0x66 contiki-sky.a(broadcast-annou)
 .text.broadcast_announcement_init
                0x00007a9e       0x48 contiki-sky.a(broadcast-annou)
                0x00007a9e                broadcast_announcement_init
 .text.chameleon_init
                0x00007ae6        0x6 contiki-sky.a(chameleon.o)
                0x00007ae6                chameleon_init
 .text.chameleon_parse
                0x00007aec       0x10 contiki-sky.a(chameleon.o)
                0x00007aec                chameleon_parse
 .text.chameleon_create
                0x00007afc       0x1c contiki-sky.a(chameleon.o)
                0x00007afc                chameleon_create
 .text.chameleon_hdrsize
                0x00007b18        0x6 contiki-sky.a(chameleon.o)
                0x00007b18                chameleon_hdrsize
 .text.parse    0x00007b1e       0x9e contiki-sky.a(framer-802154.o)
 .text.create_frame.isra.0
                0x00007bbc      0x104 contiki-sky.a(framer-802154.o)
 .text.create   0x00007cc0        0x8 contiki-sky.a(framer-802154.o)
 .text.hdr_length
                0x00007cc8        0x8 contiki-sky.a(framer-802154.o)
 .text.framer_canonical_create_and_secure
                0x00007cd0       0x20 contiki-sky.a(framer.o)
                0x00007cd0                framer_canonical_create_and_secure
 .text.mac_sequence_is_duplicate
                0x00007cf0       0x3c contiki-sky.a(mac-sequence.o)
                0x00007cf0                mac_sequence_is_duplicate
 .text.mac_sequence_register_seqno
                0x00007d2c       0x64 contiki-sky.a(mac-sequence.o)
                0x00007d2c                mac_sequence_register_seqno
 .text.header_size
                0x00007d90       0x16 contiki-sky.a(chameleon-bitop)
 .text.get_bits_in_byte
                0x00007da6       0x3a contiki-sky.a(chameleon-bitop)
                0x00007da6                get_bits_in_byte
 .text.get_bits
                0x00007de0       0xa4 contiki-sky.a(chameleon-bitop)
                0x00007de0                get_bits
 .text.unpack_header
                0x00007e84       0xd6 contiki-sky.a(chameleon-bitop)
 .text.set_bits_in_byte
                0x00007f5a       0x2c contiki-sky.a(chameleon-bitop)
                0x00007f5a                set_bits_in_byte
 .text.set_bits
                0x00007f86       0xd2 contiki-sky.a(chameleon-bitop)
                0x00007f86                set_bits
 .text.pack_header
                0x00008058       0xbc contiki-sky.a(chameleon-bitop)
 .text.field_len
                0x00008114       0x98 contiki-sky.a(frame802154.o)
 .text.frame802154_hdrlen
                0x000081ac       0x2e contiki-sky.a(frame802154.o)
                0x000081ac                frame802154_hdrlen
 .text.frame802154_create
                0x000081da      0x146 contiki-sky.a(frame802154.o)
                0x000081da                frame802154_create
 .text.frame802154_parse
                0x00008320      0x1da contiki-sky.a(frame802154.o)
                0x00008320                frame802154_parse
 .text.libgcc   0x000084fa       0x2c /usr/lib/gcc/msp430/4.6.3/mmpy-16/libgcc.a(_mulsi3.o)
                0x000084fa                __mulsi3
 .text.libgcc   0x00008526       0x22 /usr/lib/gcc/msp430/4.6.3/mmpy-16/libgcc.a(_udivmod16.o)
                0x00008526                __udivhi3
                0x00008526                __ext_udivmod16
                0x00008540                __umodhi3
 .text.libgcc   0x00008548       0x40 /usr/lib/gcc/msp430/4.6.3/mmpy-16/libgcc.a(_udivmod32.o)
                0x00008548                __udivsi3
                0x00008548                __ext_udivmod32
                0x0000857e                __umodsi3
 .text          0x00008588       0x20 /usr/lib/gcc/msp430/4.6.3/../../../../msp430/lib/mmpy-16/libc.a(memcmp.o)
                0x00008588                memcmp
 .text          0x000085a8       0xfa /usr/lib/gcc/msp430/4.6.3/../../../../msp430/lib/mmpy-16/libc.a(memcpy.o)
                0x000085a8                memcpy
 .text          0x000086a2       0x6a /usr/lib/gcc/msp430/4.6.3/../../../../msp430/lib/mmpy-16/libc.a(memset.o)
                0x000086a2                memset
 .text          0x0000870c       0x1e /usr/lib/gcc/msp430/4.6.3/../../../../msp430/lib/mmpy-16/libc.a(printf.o)
                0x0000870c                printf
                0x0000871c                vprintf
 .text          0x0000872a      0x836 /usr/lib/gcc/msp430/4.6.3/../../../../msp430/lib/mmpy-16/libc.a(vuprintf.o)
                0x000088c2                vuprintf
 .text          0x00008f60       0x2c /usr/lib/gcc/msp430/4.6.3/../../../../msp430/lib/mmpy-16/libc.a(puts.o)
                0x00008f60                puts
 .text          0x00008f8c       0x54 /usr/lib/gcc/msp430/4.6.3/../../../../msp430/lib/mmpy-16/libc.a(rand.o)
                0x00008f8c                rand_r
                0x00008fb0                rand
                0x00008fd6                srand
 .text.libgcc   0x00008fe0       0xf0 /usr/lib/gcc/msp430/4.6.3/mmpy-16/libgcc.a(_udivmod64.o)
                0x00008fe0                __xabi_udivmod64
                0x0000903e                __udivdi3
                0x00009064                __umoddi3
                0x00009092                __udivmoddi4
 .text.crt0     0x000090d0        0x2 /usr/lib/gcc/msp430/4.6.3/mmpy-16/libcrt0.a(_unexpected_.o)
                0x000090d0                _unexpected_
                0x000090d2                . = ALIGN (0x2)

.rodata         0x000090d2      0x364
                0x000090d2                . = ALIGN (0x2)
 *(.rodata .rodata.* .gnu.linkonce.r.*)
 .rodata        0x000090d2      0x166 yolo_floodcar_contiki.co
                0x00009212                autostart_processes
 .rodata        0x00009238       0xd7 obj_sky/contiki-sky-main.o
 *fill*         0x0000930f        0x1 00
 .rodata        0x00009310       0x10 contiki-sky.a(button-sensor.o)
                0x00009318                button_sensor
 .rodata        0x00009320        0x8 contiki-sky.a(sensors.o)
 .rodata        0x00009328       0x5a contiki-sky.a(cc2420.o)
                0x00009344                cc2420_aes_128_driver
                0x00009348                cc2420_driver
 .rodata        0x00009382        0xf contiki-sky.a(ctimer.o)
 .rodata        0x00009391        0xc contiki-sky.a(etimer.o)
 .rodata        0x0000939d        0xe contiki-sky.a(serial-line.o)
 *fill*         0x000093ab        0x1 00
 .rodata        0x000093ac        0x8 contiki-sky.a(broadcast.o)
 .rodata        0x000093b4        0xc contiki-sky.a(rime.o)
                0x000093ba                rime_driver
 .rodata        0x000093c0       0x14 contiki-sky.a(csma.o)
                0x000093c6                csma_driver
 .rodata        0x000093d4        0x2 contiki-sky.a(linkaddr.o)
                0x000093d4                linkaddr_null
 .rodata        0x000093d6       0x1c contiki-sky.a(contikimac.o)
                0x000093e2                contikimac_driver
 .rodata        0x000093f2        0x8 contiki-sky.a(contikimac-fram)
                0x000093f2                contikimac_framer
 .rodata        0x000093fa       0x14 contiki-sky.a(nullsec.o)
                0x00009402                nullsec_driver
 .rodata        0x0000940e        0x2 contiki-sky.a(abc.o)
 .rodata        0x00009410        0x4 contiki-sky.a(broadcast-annou)
 .rodata        0x00009414        0x8 contiki-sky.a(framer-802154.o)
                0x00009414                framer_802154
 .rodata        0x0000941c       0x10 contiki-sky.a(chameleon-bitop)
                0x0000941c                chameleon_bitopt
 .rodata        0x0000942c        0x2 contiki-sky.a(frame802154.o)
 .rodata        0x0000942e        0x7 /usr/lib/gcc/msp430/4.6.3/../../../../msp430/lib/mmpy-16/libc.a(vuprintf.o)
                0x00009436                . = ALIGN (0x2)
 *fill*         0x00009435        0x1 00
                0x00009436                _etext = .

.data           0x00001100       0x6e load address 0x00009436
                0x00001100                . = ALIGN (0x2)
                0x00001100                PROVIDE (__data_start, .)
 *(.data .data.* .gnu.linkonce.d.*)
 .data          0x00001100        0xa yolo_floodcar_contiki.co
                0x00001100                yolo_floodcar_process
 .data          0x0000110a        0x4 contiki-sky.a(contiki-sky-pla)
                0x0000110a                sensors
 .data          0x0000110e        0xa contiki-sky.a(sensors.o)
                0x0000110e                sensors_process
 .data          0x00001118        0xa contiki-sky.a(cc2420.o)
                0x00001118                cc2420_process
 .data          0x00001122        0x2 contiki-sky.a(msp430.o)
 .data          0x00001124        0xa contiki-sky.a(ctimer.o)
                0x00001124                ctimer_process
 .data          0x0000112e        0xa contiki-sky.a(etimer.o)
                0x0000112e                etimer_process
 .data          0x00001138        0xa contiki-sky.a(serial-line.o)
                0x00001138                serial_line_process
 .data          0x00001142       0x18 contiki-sky.a(csma.o)
 .data          0x0000115a       0x10 contiki-sky.a(queuebuf.o)
 .data          0x0000116a        0x4 /usr/lib/gcc/msp430/4.6.3/../../../../msp430/lib/mmpy-16/libc.a(rand.o)
                0x0000116e                . = ALIGN (0x2)
                0x0000116e                _edata = .
                0x00009436                PROVIDE (__data_load_start, LOADADDR (.data))
                0x0000006e                PROVIDE (__data_size, SIZEOF (.data))

.bss            0x0000116e     0x11c6 load address 0x000094a4
                0x0000116e                PROVIDE (__bss_start, .)
 *(.bss .bss.*)
 .bss           0x0000116e       0x1a yolo_floodcar_contiki.co
 .bss           0x00001188        0xc obj_sky/contiki-sky-main.o
 .bss           0x00001194        0x8 contiki-sky.a(button-sensor.o)
 .bss           0x0000119c        0x2 contiki-sky.a(node-id.o)
                0x0000119c                node_id
 .bss           0x0000119e        0x6 contiki-sky.a(sensors.o)
 .bss           0x000011a4        0x8 contiki-sky.a(cc2420.o)
 .bss           0x000011ac       0x9a contiki-sky.a(uart1.o)
 .bss           0x00001246        0xa contiki-sky.a(clock.o)
 .bss           0x00001250        0x1 contiki-sky.a(leds.o)
 *fill*         0x00001251        0x1 00
 .bss           0x00001252        0x2 contiki-sky.a(watchdog.o)
 .bss           0x00001254        0x4 contiki-sky.a(ctimer.o)
 .bss           0x00001258        0x6 contiki-sky.a(etimer.o)
 .bss           0x0000125e       0x42 contiki-sky.a(process.o)
                0x0000125e                process_current
                0x00001260                process_list
 .bss           0x000012a0        0x2 contiki-sky.a(rtimer.o)
 .bss           0x000012a2      0x10a contiki-sky.a(serial-line.o)
 .bss           0x000013ac        0x2 contiki-sky.a(channel.o)
 .bss           0x000013ae        0x2 contiki-sky.a(rime.o)
 .bss           0x000013b0      0x128 contiki-sky.a(csma.o)
 .bss           0x000014d8       0xb8 contiki-sky.a(packetbuf.o)
 .bss           0x00001590      0xc20 contiki-sky.a(queuebuf.o)
 .bss           0x000021b0       0x32 contiki-sky.a(contikimac.o)
 .bss           0x000021e2        0x8 contiki-sky.a(compower.o)
 .bss           0x000021ea        0x6 contiki-sky.a(announcement.o)
 .bss           0x000021f0       0x46 contiki-sky.a(broadcast-annou)
 .bss           0x00002236        0x2 contiki-sky.a(framer-802154.o)
 .bss           0x00002238       0x40 contiki-sky.a(mac-sequence.o)
 *(COMMON)
 COMMON         0x00002278        0x2 contiki-sky.a(contiki-sky-pla)
                0x00002278                sensors_flags
 COMMON         0x0000227a        0x8 contiki-sky.a(ds2411.o)
                0x0000227a                ds2411_id
 COMMON         0x00002282        0x1 contiki-sky.a(sensors.o)
                0x00002282                sensors_event
 *fill*         0x00002283        0x1 00
 COMMON         0x00002284       0x10 contiki-sky.a(cc2420.o)
                0x00002284                cc2420_last_rssi
                0x00002286                cc2420_sfd_start_time
                0x00002288                cc2420_time_of_departure
                0x0000228a                cc2420_time_of_arrival
                0x0000228c                cc2420_last_correlation
                0x0000228e                cc2420_authority_level_of_sender
                0x00002290                cc2420_sfd_counter
                0x00002292                cc2420_sfd_end_time
 COMMON         0x00002294        0x2 contiki-sky.a(msp430.o)
                0x00002294                msp430_dco_required
 COMMON         0x00002296       0x56 contiki-sky.a(energest.o)
                0x00002296                energest_total_time
                0x000022c6                energest_total_count
                0x000022c8                energest_current_mode
                0x000022d4                energest_current_time
 COMMON         0x000022ec        0x1 contiki-sky.a(process.o)
                0x000022ec                process_maxevents
 COMMON         0x000022ed        0x1 contiki-sky.a(serial-line.o)
                0x000022ed                serial_line_event_message
 COMMON         0x000022ee        0x2 contiki-sky.a(linkaddr.o)
                0x000022ee                linkaddr_node_addr
 COMMON         0x000022f0       0x3c contiki-sky.a(packetbuf.o)
                0x000022f0                packetbuf_addrs
                0x000022f8                packetbuf_attrs
 COMMON         0x0000232c        0x8 contiki-sky.a(compower.o)
                0x0000232c                compower_idle_activity
                0x00002334                . = ALIGN (0x2)
                0x00002334                PROVIDE (__bss_end, .)
                0x000011c6                PROVIDE (__bss_size, SIZEOF (.bss))

.noinit         0x00002334        0x2 load address 0x000094a4
                0x00002334                PROVIDE (__noinit_start, .)
 *(.noinit .noinit.*)
 .noinit.crt0   0x00002334        0x2 /usr/lib/gcc/msp430/4.6.3/mmpy-16/libcrt0.a(__watchdog_support.o)
                0x00002334                __wdt_clear_value
                0x00002336                . = ALIGN (0x2)
                0x00002336                PROVIDE (__noinit_end, .)
                0x00002336                . = ALIGN (0x2)
                0x00002336                _end = .

.infomem        0x00001000        0x0
 *(.infomem)
                0x00001000                . = ALIGN (0x2)
 *(.infomem.*)

.infomemnobits  0x00001000        0x0
 *(.infomemnobits)
                0x00001000                . = ALIGN (0x2)
 *(.infomemnobits.*)

.infoa
 *(.infoa .infoa.*)

.infob
 *(.infob .infob.*)

.infoc
 *(.infoc .infoc.*)

.infod
 *(.infod .infod.*)

.vectors        0x0000ffe0       0x20
                0x0000ffe0                PROVIDE (__vectors_start, .)
 *(.vectors*)
 .vectors       0x0000ffe0       0x20 /usr/lib/gcc/msp430/4.6.3/mmpy-16/crt0ivtbl16.o
                0x0000ffe0                __ivtbl_16
                0x00010000                _vectors_end = .

.fartext        0x00000000        0x0
                0x00000000                . = ALIGN (0x2)
 *(.fartext)
                0x00000000                . = ALIGN (0x2)
 *(.fartext.*)
                0x00000000                _efartext = .

.profiler
 *(.profiler)

.stab           0x00000000    0x197ac
 *(.stab)
 .stab          0x00000000     0x1524 yolo_floodcar_contiki.co
 .stab          0x00001524     0x1074 obj_sky/contiki-sky-main.o
                               0x17ac (size before relaxing)
 .stab          0x00002598      0x264 contiki-sky.a(contiki-sky-pla)
                                0x5b8 (size before relaxing)
 .stab          0x000027fc      0x468 contiki-sky.a(button-sensor.o)
                                0x7d4 (size before relaxing)
 .stab          0x00002c64      0x624 contiki-sky.a(ds2411.o)
                                0xb40 (size before relaxing)
 .stab          0x00003288      0xa38 contiki-sky.a(xmem.o)
                                0xf60 (size before relaxing)
 .stab          0x00003cc0      0x2b8 contiki-sky.a(node-id.o)
                                0x4e0 (size before relaxing)
 .stab          0x00003f78      0x654 contiki-sky.a(sensors.o)
                                0xb70 (size before relaxing)
 .stab          0x000045cc     0x234c contiki-sky.a(cc2420.o)
                               0x2cc4 (size before relaxing)
 .stab          0x00006918      0x9d8 contiki-sky.a(cc2420-arch.o)
                               0x1404 (size before relaxing)
 .stab          0x000072f0      0x60c contiki-sky.a(uart1.o)
                                0x960 (size before relaxing)
 .stab          0x000078fc      0x27c contiki-sky.a(uart1-putchar.o)
                                0x7bc (size before relaxing)
 .stab          0x00007b78      0x744 contiki-sky.a(msp430.o)
                                0xa98 (size before relaxing)
 .stab          0x000082bc      0x948 contiki-sky.a(clock.o)
                                0xc9c (size before relaxing)
 .stab          0x00008c04      0x5dc contiki-sky.a(leds.o)
                                0x828 (size before relaxing)
 .stab          0x000091e0      0x3a8 contiki-sky.a(leds-arch.o)
                                0x6fc (size before relaxing)
 .stab          0x00009588      0x3fc contiki-sky.a(watchdog.o)
                                0x750 (size before relaxing)
 .stab          0x00009984      0x3cc contiki-sky.a(rtimer-arch.o)
                                0x720 (size before relaxing)
 .stab          0x00009d50      0x294 contiki-sky.a(autostart.o)
                                0x534 (size before relaxing)
 .stab          0x00009fe4      0x7a4 contiki-sky.a(ctimer.o)
                                0xb10 (size before relaxing)
 .stab          0x0000a788      0x474 contiki-sky.a(energest.o)
                                0x6fc (size before relaxing)
 .stab          0x0000abfc      0xa38 contiki-sky.a(etimer.o)
                                0xd08 (size before relaxing)
 .stab          0x0000b634      0xb7c contiki-sky.a(process.o)
                               0x1014 (size before relaxing)
 .stab          0x0000c1b0      0x3d8 contiki-sky.a(rtimer.o)
                                0x6c0 (size before relaxing)
 .stab          0x0000c588      0x354 contiki-sky.a(timer.o)
                                0x594 (size before relaxing)
 .stab          0x0000c8dc      0x534 contiki-sky.a(serial-line.o)
                                0xa50 (size before relaxing)
 .stab          0x0000ce10      0x7f8 contiki-sky.a(list.o)
                                0x804 (size before relaxing)
 .stab          0x0000d608      0x24c contiki-sky.a(random.o)
                                0x624 (size before relaxing)
 .stab          0x0000d854      0x3fc contiki-sky.a(ringbuf.o)
                                0x63c (size before relaxing)
 .stab          0x0000dc50      0x6d8 contiki-sky.a(broadcast.o)
                               0x150c (size before relaxing)
 .stab          0x0000e328      0x678 contiki-sky.a(channel.o)
                               0x129c (size before relaxing)
 .stab          0x0000e9a0      0xcd8 contiki-sky.a(rime.o)
                               0x141c (size before relaxing)
 .stab          0x0000f678      0xe04 contiki-sky.a(csma.o)
                               0x15b4 (size before relaxing)
 .stab          0x0001047c      0x1f8 contiki-sky.a(mac.o)
                                0x4ec (size before relaxing)
 .stab          0x00010674      0x2c4 contiki-sky.a(linkaddr.o)
                                0x6c0 (size before relaxing)
 .stab          0x00010938      0xda4 contiki-sky.a(packetbuf.o)
                               0x1bf0 (size before relaxing)
 .stab          0x000116dc      0xa5c contiki-sky.a(queuebuf.o)
                               0x1890 (size before relaxing)
 .stab          0x00012138     0x16ec contiki-sky.a(contikimac.o)
                               0x22f8 (size before relaxing)
 .stab          0x00013824      0x6e4 contiki-sky.a(contikimac-fram)
                                0xf24 (size before relaxing)
 .stab          0x00013f08      0x6a8 contiki-sky.a(nullsec.o)
                                0xda4 (size before relaxing)
 .stab          0x000145b0      0x204 contiki-sky.a(spi.o)
                                0x42c (size before relaxing)
 .stab          0x000147b4      0x51c contiki-sky.a(compower.o)
                                0xd20 (size before relaxing)
 .stab          0x00014cd0      0x5c4 contiki-sky.a(memb.o)
                                0xaf8 (size before relaxing)
 .stab          0x00015294      0x66c contiki-sky.a(abc.o)
                               0x14a0 (size before relaxing)
 .stab          0x00015900      0x6e4 contiki-sky.a(announcement.o)
                                0x984 (size before relaxing)
 .stab          0x00015fe4      0x948 contiki-sky.a(broadcast-annou)
                               0x15c0 (size before relaxing)
 .stab          0x0001692c      0x594 contiki-sky.a(chameleon.o)
                               0x123c (size before relaxing)
 .stab          0x00016ec0      0x930 contiki-sky.a(framer-802154.o)
                                0xf6c (size before relaxing)
 .stab          0x000177f0      0x318 contiki-sky.a(framer.o)
                                0xc54 (size before relaxing)
 .stab          0x00017b08      0x600 contiki-sky.a(mac-sequence.o)
                               0x144c (size before relaxing)
 .stab          0x00018108      0xd80 contiki-sky.a(chameleon-bitop)
                               0x19f8 (size before relaxing)
 .stab          0x00018e88      0x924 contiki-sky.a(frame802154.o)
                               0x10f8 (size before relaxing)

.stabstr        0x00000000    0x15737
 *(.stabstr)
 .stabstr       0x00000000    0x15737 yolo_floodcar_contiki.co

.stab.excl
 *(.stab.excl)

.stab.exclstr
 *(.stab.exclstr)

.stab.index
 *(.stab.index)

.stab.indexstr
 *(.stab.indexstr)

.comment
 *(.comment)

.debug
 *(.debug)

.line
 *(.line)

.debug_srcinfo
 *(.debug_srcinfo)

.debug_sfnames
 *(.debug_sfnames)

.debug_aranges  0x00000000      0x168
 *(.debug_aranges)
 .debug_aranges
                0x00000000       0x14 /usr/lib/gcc/msp430/4.6.3/mmpy-16/libgcc.a(_mulsi3.o)
 .debug_aranges
                0x00000014       0x14 /usr/lib/gcc/msp430/4.6.3/mmpy-16/libgcc.a(_udivmod16.o)
 .debug_aranges
                0x00000028       0x14 /usr/lib/gcc/msp430/4.6.3/mmpy-16/libgcc.a(_udivmod32.o)
 .debug_aranges
                0x0000003c       0x14 /usr/lib/gcc/msp430/4.6.3/../../../../msp430/lib/mmpy-16/libc.a(strncmp.o)
 .debug_aranges
                0x00000050       0x14 /usr/lib/gcc/msp430/4.6.3/../../../../msp430/lib/mmpy-16/libc.a(memcmp.o)
 .debug_aranges
                0x00000064       0x14 /usr/lib/gcc/msp430/4.6.3/../../../../msp430/lib/mmpy-16/libc.a(memcpy.o)
 .debug_aranges
                0x00000078       0x14 /usr/lib/gcc/msp430/4.6.3/../../../../msp430/lib/mmpy-16/libc.a(memset.o)
 .debug_aranges
                0x0000008c       0x14 /usr/lib/gcc/msp430/4.6.3/../../../../msp430/lib/mmpy-16/libc.a(printf.o)
 .debug_aranges
                0x000000a0       0x14 /usr/lib/gcc/msp430/4.6.3/../../../../msp430/lib/mmpy-16/libc.a(vuprintf.o)
 .debug_aranges
                0x000000b4       0x14 /usr/lib/gcc/msp430/4.6.3/../../../../msp430/lib/mmpy-16/libc.a(puts.o)
 .debug_aranges
                0x000000c8       0x14 /usr/lib/gcc/msp430/4.6.3/../../../../msp430/lib/mmpy-16/libc.a(rand.o)
 .debug_aranges
                0x000000dc       0x14 /usr/lib/gcc/msp430/4.6.3/mmpy-16/libgcc.a(_udivmod64.o)
 .debug_aranges
                0x000000f0       0x14 /usr/lib/gcc/msp430/4.6.3/mmpy-16/libcrt0.a(__watchdog_support.o)
 .debug_aranges
                0x00000104       0x14 /usr/lib/gcc/msp430/4.6.3/mmpy-16/libcrt0.a(__init_stack.o)
 .debug_aranges
                0x00000118       0x14 /usr/lib/gcc/msp430/4.6.3/mmpy-16/libcrt0.a(_copy_data.o)
 .debug_aranges
                0x0000012c       0x14 /usr/lib/gcc/msp430/4.6.3/mmpy-16/libcrt0.a(_clear_bss.o)
 .debug_aranges
                0x00000140       0x14 /usr/lib/gcc/msp430/4.6.3/mmpy-16/libcrt0.a(_endless_loop__.o)
 .debug_aranges
                0x00000154       0x14 /usr/lib/gcc/msp430/4.6.3/mmpy-16/libcrt0.a(_unexpected_.o)

.debug_pubnames
 *(.debug_pubnames)

.debug_info     0x00000000     0x139b
 *(.debug_info)
 .debug_info    0x00000000       0xd6 /usr/lib/gcc/msp430/4.6.3/mmpy-16/libgcc.a(_mulsi3.o)
 .debug_info    0x000000d6       0xd6 /usr/lib/gcc/msp430/4.6.3/mmpy-16/libgcc.a(_udivmod16.o)
 .debug_info    0x000001ac       0xd6 /usr/lib/gcc/msp430/4.6.3/mmpy-16/libgcc.a(_udivmod32.o)
 .debug_info    0x00000282       0xbb /usr/lib/gcc/msp430/4.6.3/../../../../msp430/lib/mmpy-16/libc.a(strncmp.o)
 .debug_info    0x0000033d       0xe8 /usr/lib/gcc/msp430/4.6.3/../../../../msp430/lib/mmpy-16/libc.a(memcmp.o)
 .debug_info    0x00000425      0x113 /usr/lib/gcc/msp430/4.6.3/../../../../msp430/lib/mmpy-16/libc.a(memcpy.o)
 .debug_info    0x00000538       0xfe /usr/lib/gcc/msp430/4.6.3/../../../../msp430/lib/mmpy-16/libc.a(memset.o)
 .debug_info    0x00000636      0x105 /usr/lib/gcc/msp430/4.6.3/../../../../msp430/lib/mmpy-16/libc.a(printf.o)
 .debug_info    0x0000073b      0x565 /usr/lib/gcc/msp430/4.6.3/../../../../msp430/lib/mmpy-16/libc.a(vuprintf.o)
 .debug_info    0x00000ca0       0x96 /usr/lib/gcc/msp430/4.6.3/../../../../msp430/lib/mmpy-16/libc.a(puts.o)
 .debug_info    0x00000d36      0x13f /usr/lib/gcc/msp430/4.6.3/../../../../msp430/lib/mmpy-16/libc.a(rand.o)
 .debug_info    0x00000e75       0xd6 /usr/lib/gcc/msp430/4.6.3/mmpy-16/libgcc.a(_udivmod64.o)
 .debug_info    0x00000f4b       0xb8 /usr/lib/gcc/msp430/4.6.3/mmpy-16/libcrt0.a(__watchdog_support.o)
 .debug_info    0x00001003       0xb8 /usr/lib/gcc/msp430/4.6.3/mmpy-16/libcrt0.a(__init_stack.o)
 .debug_info    0x000010bb       0xb8 /usr/lib/gcc/msp430/4.6.3/mmpy-16/libcrt0.a(_copy_data.o)
 .debug_info    0x00001173       0xb8 /usr/lib/gcc/msp430/4.6.3/mmpy-16/libcrt0.a(_clear_bss.o)
 .debug_info    0x0000122b       0xb8 /usr/lib/gcc/msp430/4.6.3/mmpy-16/libcrt0.a(_endless_loop__.o)
 .debug_info    0x000012e3       0xb8 /usr/lib/gcc/msp430/4.6.3/mmpy-16/libcrt0.a(_unexpected_.o)
 *(.gnu.linkonce.wi.*)

.debug_abbrev   0x00000000      0x721
 *(.debug_abbrev)
 .debug_abbrev  0x00000000       0x14 /usr/lib/gcc/msp430/4.6.3/mmpy-16/libgcc.a(_mulsi3.o)
 .debug_abbrev  0x00000014       0x14 /usr/lib/gcc/msp430/4.6.3/mmpy-16/libgcc.a(_udivmod16.o)
 .debug_abbrev  0x00000028       0x14 /usr/lib/gcc/msp430/4.6.3/mmpy-16/libgcc.a(_udivmod32.o)
 .debug_abbrev  0x0000003c       0x7c /usr/lib/gcc/msp430/4.6.3/../../../../msp430/lib/mmpy-16/libc.a(strncmp.o)
 .debug_abbrev  0x000000b8       0x9b /usr/lib/gcc/msp430/4.6.3/../../../../msp430/lib/mmpy-16/libc.a(memcmp.o)
 .debug_abbrev  0x00000153       0x97 /usr/lib/gcc/msp430/4.6.3/../../../../msp430/lib/mmpy-16/libc.a(memcpy.o)
 .debug_abbrev  0x000001ea       0x9c /usr/lib/gcc/msp430/4.6.3/../../../../msp430/lib/mmpy-16/libc.a(memset.o)
 .debug_abbrev  0x00000286       0xd0 /usr/lib/gcc/msp430/4.6.3/../../../../msp430/lib/mmpy-16/libc.a(printf.o)
 .debug_abbrev  0x00000356      0x1ef /usr/lib/gcc/msp430/4.6.3/../../../../msp430/lib/mmpy-16/libc.a(vuprintf.o)
 .debug_abbrev  0x00000545       0x60 /usr/lib/gcc/msp430/4.6.3/../../../../msp430/lib/mmpy-16/libc.a(puts.o)
 .debug_abbrev  0x000005a5       0xf0 /usr/lib/gcc/msp430/4.6.3/../../../../msp430/lib/mmpy-16/libc.a(rand.o)
 .debug_abbrev  0x00000695       0x14 /usr/lib/gcc/msp430/4.6.3/mmpy-16/libgcc.a(_udivmod64.o)
 .debug_abbrev  0x000006a9       0x14 /usr/lib/gcc/msp430/4.6.3/mmpy-16/libcrt0.a(__watchdog_support.o)
 .debug_abbrev  0x000006bd       0x14 /usr/lib/gcc/msp430/4.6.3/mmpy-16/libcrt0.a(__init_stack.o)
 .debug_abbrev  0x000006d1       0x14 /usr/lib/gcc/msp430/4.6.3/mmpy-16/libcrt0.a(_copy_data.o)
 .debug_abbrev  0x000006e5       0x14 /usr/lib/gcc/msp430/4.6.3/mmpy-16/libcrt0.a(_clear_bss.o)
 .debug_abbrev  0x000006f9       0x14 /usr/lib/gcc/msp430/4.6.3/mmpy-16/libcrt0.a(_endless_loop__.o)
 .debug_abbrev  0x0000070d       0x14 /usr/lib/gcc/msp430/4.6.3/mmpy-16/libcrt0.a(_unexpected_.o)

.debug_line     0x00000000      0xc6f
 *(.debug_line)
 .debug_line    0x00000000       0xa3 /usr/lib/gcc/msp430/4.6.3/mmpy-16/libgcc.a(_mulsi3.o)
 .debug_line    0x000000a3       0x9c /usr/lib/gcc/msp430/4.6.3/mmpy-16/libgcc.a(_udivmod16.o)
 .debug_line    0x0000013f       0xab /usr/lib/gcc/msp430/4.6.3/mmpy-16/libgcc.a(_udivmod32.o)
 .debug_line    0x000001ea       0x75 /usr/lib/gcc/msp430/4.6.3/../../../../msp430/lib/mmpy-16/libc.a(strncmp.o)
 .debug_line    0x0000025f       0x73 /usr/lib/gcc/msp430/4.6.3/../../../../msp430/lib/mmpy-16/libc.a(memcmp.o)
 .debug_line    0x000002d2       0xe9 /usr/lib/gcc/msp430/4.6.3/../../../../msp430/lib/mmpy-16/libc.a(memcpy.o)
 .debug_line    0x000003bb       0xc8 /usr/lib/gcc/msp430/4.6.3/../../../../msp430/lib/mmpy-16/libc.a(memset.o)
 .debug_line    0x00000483       0x72 /usr/lib/gcc/msp430/4.6.3/../../../../msp430/lib/mmpy-16/libc.a(printf.o)
 .debug_line    0x000004f5      0x2d2 /usr/lib/gcc/msp430/4.6.3/../../../../msp430/lib/mmpy-16/libc.a(vuprintf.o)
 .debug_line    0x000007c7       0x4d /usr/lib/gcc/msp430/4.6.3/../../../../msp430/lib/mmpy-16/libc.a(puts.o)
 .debug_line    0x00000814       0x4f /usr/lib/gcc/msp430/4.6.3/../../../../msp430/lib/mmpy-16/libc.a(rand.o)
 .debug_line    0x00000863       0xf1 /usr/lib/gcc/msp430/4.6.3/mmpy-16/libgcc.a(_udivmod64.o)
 .debug_line    0x00000954       0x84 /usr/lib/gcc/msp430/4.6.3/mmpy-16/libcrt0.a(__watchdog_support.o)
 .debug_line    0x000009d8       0x82 /usr/lib/gcc/msp430/4.6.3/mmpy-16/libcrt0.a(__init_stack.o)
 .debug_line    0x00000a5a       0x88 /usr/lib/gcc/msp430/4.6.3/mmpy-16/libcrt0.a(_copy_data.o)
 .debug_line    0x00000ae2       0x88 /usr/lib/gcc/msp430/4.6.3/mmpy-16/libcrt0.a(_clear_bss.o)
 .debug_line    0x00000b6a       0x83 /usr/lib/gcc/msp430/4.6.3/mmpy-16/libcrt0.a(_endless_loop__.o)
 .debug_line    0x00000bed       0x82 /usr/lib/gcc/msp430/4.6.3/mmpy-16/libcrt0.a(_unexpected_.o)

.debug_frame    0x00000000      0x1ec
 *(.debug_frame)
 .debug_frame   0x00000000       0x24 /usr/lib/gcc/msp430/4.6.3/../../../../msp430/lib/mmpy-16/libc.a(strncmp.o)
 .debug_frame   0x00000024       0x24 /usr/lib/gcc/msp430/4.6.3/../../../../msp430/lib/mmpy-16/libc.a(memcmp.o)
 .debug_frame   0x00000048       0x38 /usr/lib/gcc/msp430/4.6.3/../../../../msp430/lib/mmpy-16/libc.a(memcpy.o)
 .debug_frame   0x00000080       0x32 /usr/lib/gcc/msp430/4.6.3/../../../../msp430/lib/mmpy-16/libc.a(memset.o)
 .debug_frame   0x000000b2       0x2a /usr/lib/gcc/msp430/4.6.3/../../../../msp430/lib/mmpy-16/libc.a(printf.o)
 .debug_frame   0x000000dc       0xb0 /usr/lib/gcc/msp430/4.6.3/../../../../msp430/lib/mmpy-16/libc.a(vuprintf.o)
 .debug_frame   0x0000018c       0x24 /usr/lib/gcc/msp430/4.6.3/../../../../msp430/lib/mmpy-16/libc.a(puts.o)
 .debug_frame   0x000001b0       0x3c /usr/lib/gcc/msp430/4.6.3/../../../../msp430/lib/mmpy-16/libc.a(rand.o)

.debug_str      0x00000000      0x3dc
 *(.debug_str)
 .debug_str     0x00000000       0xc4 /usr/lib/gcc/msp430/4.6.3/../../../../msp430/lib/mmpy-16/libc.a(strncmp.o)
                                 0xfd (size before relaxing)
 .debug_str     0x000000c4       0x19 /usr/lib/gcc/msp430/4.6.3/../../../../msp430/lib/mmpy-16/libc.a(memcmp.o)
                                 0xfb (size before relaxing)
 .debug_str     0x000000dd       0x34 /usr/lib/gcc/msp430/4.6.3/../../../../msp430/lib/mmpy-16/libc.a(memcpy.o)
                                0x116 (size before relaxing)
 .debug_str     0x00000111       0x26 /usr/lib/gcc/msp430/4.6.3/../../../../msp430/lib/mmpy-16/libc.a(memset.o)
                                0x114 (size before relaxing)
 .debug_str     0x00000137       0x40 /usr/lib/gcc/msp430/4.6.3/../../../../msp430/lib/mmpy-16/libc.a(printf.o)
                                0x12a (size before relaxing)
 .debug_str     0x00000177      0x221 /usr/lib/gcc/msp430/4.6.3/../../../../msp430/lib/mmpy-16/libc.a(vuprintf.o)
                                0x375 (size before relaxing)
 .debug_str     0x00000398       0x15 /usr/lib/gcc/msp430/4.6.3/../../../../msp430/lib/mmpy-16/libc.a(puts.o)
                                 0xf0 (size before relaxing)
 .debug_str     0x000003ad       0x2f /usr/lib/gcc/msp430/4.6.3/../../../../msp430/lib/mmpy-16/libc.a(rand.o)
                                0x10f (size before relaxing)

.debug_loc      0x00000000      0xaf3
 *(.debug_loc)
 .debug_loc     0x00000000       0x38 /usr/lib/gcc/msp430/4.6.3/../../../../msp430/lib/mmpy-16/libc.a(strncmp.o)
 .debug_loc     0x00000038       0x5e /usr/lib/gcc/msp430/4.6.3/../../../../msp430/lib/mmpy-16/libc.a(memcmp.o)
 .debug_loc     0x00000096      0x1e9 /usr/lib/gcc/msp430/4.6.3/../../../../msp430/lib/mmpy-16/libc.a(memcpy.o)
 .debug_loc     0x0000027f       0xdb /usr/lib/gcc/msp430/4.6.3/../../../../msp430/lib/mmpy-16/libc.a(memset.o)
 .debug_loc     0x0000035a       0x38 /usr/lib/gcc/msp430/4.6.3/../../../../msp430/lib/mmpy-16/libc.a(printf.o)
 .debug_loc     0x00000392      0x70c /usr/lib/gcc/msp430/4.6.3/../../../../msp430/lib/mmpy-16/libc.a(vuprintf.o)
 .debug_loc     0x00000a9e       0x26 /usr/lib/gcc/msp430/4.6.3/../../../../msp430/lib/mmpy-16/libc.a(puts.o)
 .debug_loc     0x00000ac4       0x2f /usr/lib/gcc/msp430/4.6.3/../../../../msp430/lib/mmpy-16/libc.a(rand.o)

.debug_macinfo
 *(.debug_macinfo)

.debug_pubtypes
 *(.debug_pubtypes)

.debug_ranges   0x00000000       0x18
 *(.debug_ranges)
 .debug_ranges  0x00000000       0x18 /usr/lib/gcc/msp430/4.6.3/../../../../msp430/lib/mmpy-16/libc.a(vuprintf.o)
                0x00003900                PROVIDE (__stack, (ORIGIN (ram) + 0x2800))
                0x00009436                PROVIDE (__data_start_rom, _etext)
                0x000094a4                PROVIDE (__data_end_rom, (_etext + SIZEOF (.data)))
OUTPUT(yolo_floodcar_contiki.sky elf32-msp430)
